MPLINK 4.30.01, Linker
Linker Map File - Created Wed Apr 15 19:01:04 2009

                                 Section Info
                  Section       Type    Address   Location Size(Bytes)
                ---------  ---------  ---------  ---------  ---------
               _entry_scn       code   0x000000    program   0x000006
                   .cinit    romdata   0x000006    program   0x000002
             .code_boot.o       code   0x000008    program   0x0002fa
       .code_usbctrltrf.o       code   0x000302    program   0x0001f2
             .code_usb9.o       code   0x0004f4    program   0x0000cc
           .code_usbdrv.o       code   0x0005c0    program   0x0000aa
               _cinit_scn       code   0x00066a    program   0x00009e
        .romdata_usbdsc.o    romdata   0x000708    program   0x000036
             .code_main.o       code   0x00073e    program   0x000030
             _startup_scn       code   0x00076e    program   0x00001c
                    .code       code   0x00078a    program   0x00000e
           .code___init.o       code   0x000798    program   0x000002
        .idata___init.o_i    romdata   0x00079a    program   0x000000
          .romdata_boot.o    romdata   0x00079a    program   0x000000
          .idata_boot.o_i    romdata   0x00079a    program   0x000000
    .romdata_usbctrltrf.o    romdata   0x00079a    program   0x000000
    .idata_usbctrltrf.o_i    romdata   0x00079a    program   0x000000
           .code_usbdsc.o       code   0x00079a    program   0x000000
        .idata_usbdsc.o_i    romdata   0x00079a    program   0x000000
        .romdata___init.o    romdata   0x00079a    program   0x000000
          .romdata_usb9.o    romdata   0x00079a    program   0x000000
          .idata_usb9.o_i    romdata   0x00079a    program   0x000000
         .idata_c018i.o_i    romdata   0x00079a    program   0x000000
         .romdata_c018i.o    romdata   0x00079a    program   0x000000
            .code_c018i.o       code   0x00079a    program   0x000000
          .idata_main.o_i    romdata   0x00079a    program   0x000000
          .romdata_main.o    romdata   0x00079a    program   0x000000
       .idata_usbmmap.o_i    romdata   0x00079a    program   0x000000
       .romdata_usbmmap.o    romdata   0x00079a    program   0x000000
          .code_usbmmap.o       code   0x00079a    program   0x000000
        .idata_usbdrv.o_i    romdata   0x00079a    program   0x000000
        .romdata_usbdrv.o    romdata   0x00079a    program   0x000000
                     user       code   0x000800    program   0x000000
  _RESET_INTERRUPT_VECTOR       code   0x000800    program   0x000000
    .config_300000_main.o    romdata   0x300000    program   0x000001
    .config_300001_main.o    romdata   0x300001    program   0x000001
    .config_300002_main.o    romdata   0x300002    program   0x000001
    .config_300003_main.o    romdata   0x300003    program   0x000001
    .config_300005_main.o    romdata   0x300005    program   0x000001
    .config_300006_main.o    romdata   0x300006    program   0x000001
                fast_vars      udata   0x000000       data   0x000007
                 .tmpdata      udata   0x000007       data   0x000004
                MATH_DATA      udata   0x00000b       data   0x000002
      .udata_usbctrltrf.o      udata   0x000060       data   0x00000b
           .udata_c018i.o      udata   0x00006b       data   0x00000a
         .udata_usbmmap.o      udata   0x000075       data   0x000004
            .udata_main.o      udata   0x000079       data   0x000001
          .idata___init.o      idata   0x00007a       data   0x000000
          .udata___init.o      udata   0x00007a       data   0x000000
            .idata_boot.o      idata   0x00007a       data   0x000000
            .udata_boot.o      udata   0x00007a       data   0x000000
      .idata_usbctrltrf.o      idata   0x00007a       data   0x000000
          .idata_usbdsc.o      idata   0x00007a       data   0x000000
          .udata_usbdsc.o      udata   0x00007a       data   0x000000
            .idata_usb9.o      idata   0x00007a       data   0x000000
            .udata_usb9.o      udata   0x00007a       data   0x000000
          .idata_usbdrv.o      idata   0x00007a       data   0x000000
          .udata_usbdrv.o      udata   0x00007a       data   0x000000
         .idata_usbmmap.o      idata   0x00007a       data   0x000000
            .idata_main.o      idata   0x00007a       data   0x000000
           .idata_c018i.o      idata   0x00007a       data   0x000000
                   .stack      udata   0x000300       data   0x000100
                  usbram4      udata   0x000400       data   0x000060
            SFR_UNBANKED0      udata   0x000f66       data   0x00009a



                              Program Memory Usage 
                               Start         End      
                           ---------   ---------      
                            0x000000    0x000799      
                            0x300000    0x300003      
                            0x300005    0x300006      
            1952 out of 24856 program addresses used, program memory utilization is 7%



                              Symbols - Sorted by Name
                     Name    Address   Location    Storage File                     
                ---------  ---------  ---------  --------- ---------                
           BlinkUSBStatus   0x0002d4    program     extern C:\Documents and Settings\Administrateur\Bureau\B\B\system\usb\class\boot\boot.c
               BootInitEP   0x000008    program     extern C:\Documents and Settings\Administrateur\Bureau\B\B\system\usb\class\boot\boot.c
              BootService   0x0001de    program     extern C:\Documents and Settings\Administrateur\Bureau\B\B\system\usb\class\boot\boot.c
             EraseProgMem   0x0000e8    program     extern C:\Documents and Settings\Administrateur\Bureau\B\B\system\usb\class\boot\boot.c
                   ReadEE   0x000134    program     extern C:\Documents and Settings\Administrateur\Bureau\B\B\system\usb\class\boot\boot.c
              ReadProgMem   0x000046    program     extern C:\Documents and Settings\Administrateur\Bureau\B\B\system\usb\class\boot\boot.c
              ReadVersion   0x00003c    program     extern C:\Documents and Settings\Administrateur\Bureau\B\B\system\usb\class\boot\boot.c
               StartWrite   0x000030    program     extern C:\Documents and Settings\Administrateur\Bureau\B\B\system\usb\class\boot\boot.c
        USBCheckBusStatus   0x0005c0    program     extern C:\Documents and Settings\Administrateur\Bureau\B\B\system\usb\usbdrv\usbdrv.c
       USBCheckStdRequest   0x0004f4    program     extern C:\Documents and Settings\Administrateur\Bureau\B\B\system\usb\usb9\usb9.c
         USBCtrlEPService   0x000302    program     extern C:\Documents and Settings\Administrateur\Bureau\B\B\system\usb\usbctrltrf\usbctrltrf.c
 USBCtrlEPServiceComplete   0x00044e    program     extern C:\Documents and Settings\Administrateur\Bureau\B\B\system\usb\usbctrltrf\usbctrltrf.c
      USBCtrlTrfInHandler   0x000368    program     extern C:\Documents and Settings\Administrateur\Bureau\B\B\system\usb\usbctrltrf\usbctrltrf.c
     USBCtrlTrfOutHandler   0x00034a    program     extern C:\Documents and Settings\Administrateur\Bureau\B\B\system\usb\usbctrltrf\usbctrltrf.c
      USBCtrlTrfRxService   0x00040c    program     extern C:\Documents and Settings\Administrateur\Bureau\B\B\system\usb\usbctrltrf\usbctrltrf.c
   USBCtrlTrfSetupHandler   0x000338    program     extern C:\Documents and Settings\Administrateur\Bureau\B\B\system\usb\usbctrltrf\usbctrltrf.c
      USBCtrlTrfTxService   0x00039e    program     extern C:\Documents and Settings\Administrateur\Bureau\B\B\system\usb\usbctrltrf\usbctrltrf.c
         USBDriverService   0x0005d6    program     extern C:\Documents and Settings\Administrateur\Bureau\B\B\system\usb\usbdrv\usbdrv.c
USBPrepareForNextSetupTrf   0x0004d8    program     extern C:\Documents and Settings\Administrateur\Bureau\B\B\system\usb\usbctrltrf\usbctrltrf.c
  USBProtocolResetHandler   0x000644    program     extern C:\Documents and Settings\Administrateur\Bureau\B\B\system\usb\usbdrv\usbdrv.c
      USBStdSetCfgHandler   0x00059e    program     extern C:\Documents and Settings\Administrateur\Bureau\B\B\system\usb\usb9\usb9.c
              WriteConfig   0x00018e    program     extern C:\Documents and Settings\Administrateur\Bureau\B\B\system\usb\class\boot\boot.c
                  WriteEE   0x00015e    program     extern C:\Documents and Settings\Administrateur\Bureau\B\B\system\usb\class\boot\boot.c
             WriteProgMem   0x00008c    program     extern C:\Documents and Settings\Administrateur\Bureau\B\B\system\usb\class\boot\boot.c
      ___case_-1_lbl00044   0x000282    program     static                          
       ___case_0_lbl00036   0x00024a    program     static                          
       ___case_1_lbl00038   0x000252    program     static                          
       ___case_2_lbl00039   0x00025a    program     static                          
       ___case_3_lbl00040   0x000262    program     static                          
       ___case_4_lbl00041   0x00026a    program     static                          
      ___case_50_lbl00048   0x00029a    program     static                          
       ___case_5_lbl00042   0x000272    program     static                          
       ___case_6_lbl00037   0x000252    program     static                          
       ___case_7_lbl00043   0x00027a    program     static                          
      ___default_lbl00050   0x0002b4    program     static                          
           ___if_lbl00001   0x000752    program     static                          
           ___if_lbl00005   0x0005e8    program     static                          
           ___if_lbl00007   0x0005f6    program     static                          
           ___if_lbl00009   0x00060e    program     static                          
           ___if_lbl00011   0x000624    program     static                          
           ___if_lbl00012   0x000626    program     static                          
           ___if_lbl00013   0x000630    program     static                          
           ___if_lbl00015   0x000642    program     static                          
           ___if_lbl00032   0x0001f0    program     static                          
           ___if_lbl00033   0x000212    program     static                          
           ___if_lbl00034   0x000214    program     static                          
           ___if_lbl00047   0x0002a6    program     static                          
           ___if_lbl00049   0x0002b2    program     static                          
           ___if_lbl00051   0x0002d2    program     static                          
           ___if_lbl00052   0x0002d2    program     static                          
       ___return_lbl00000   0x000004    program     static                          
       ___return_lbl00000   0x00076c    program     static                          
       ___return_lbl00001   0x000788    program     static                          
       ___return_lbl00002   0x000706    program     static                          
       ___return_lbl00003   0x000642    program     static                          
       ___return_lbl00030   0x0002d2    program     static                          
   ___switchexit_lbl00035   0x0002b6    program     static                          
        ___while_lbl00002   0x000762    program     static                          
        ___while_lbl00003   0x00076c    program     static                          
        ___while_lbl00045   0x000288    program     static                          
        ___while_lbl00046   0x000296    program     static                          
               __config_0   0x300000    program     static C:\Documents and Settings\Administrateur\Bureau\B\B\main.c
               __config_1   0x300001    program     static C:\Documents and Settings\Administrateur\Bureau\B\B\main.c
               __config_2   0x300002    program     static C:\Documents and Settings\Administrateur\Bureau\B\B\main.c
               __config_3   0x300003    program     static C:\Documents and Settings\Administrateur\Bureau\B\B\main.c
               __config_4   0x300005    program     static C:\Documents and Settings\Administrateur\Bureau\B\B\main.c
               __config_5   0x300006    program     static C:\Documents and Settings\Administrateur\Bureau\B\B\main.c
                   __init   0x000798    program     extern C:\MCC18\src\traditional\stdclib\__init.c
               __tmplbl_0   0x0001ee    program     static                          
               __tmplbl_0   0x0005e2    program     static                          
               __tmplbl_1   0x0001e8    program     static                          
               __tmplbl_1   0x0005dc    program     static                          
               __tmplbl_2   0x0005f4    program     static                          
               __tmplbl_3   0x0005ee    program     static                          
               __tmplbl_4   0x000602    program     static                          
               __tmplbl_5   0x0005fc    program     static                          
               __tmplbl_6   0x00061a    program     static                          
               __tmplbl_7   0x000614    program     static                          
               __tmplbl_8   0x00063c    program     static                          
               __tmplbl_9   0x000636    program     static                          
            __zero_memory   0x00078a    program     extern C:\MCC18\src\traditional\proc\p18F2455.asm
                _do_cinit   0x00066a    program     extern C:\MCC18\src\traditional\startup\c018i.c
                   _entry   0x000000    program     extern C:\MCC18\src\traditional\startup\c018i.c
                 _startup   0x00076e    program     extern C:\MCC18\src\traditional\startup\c018i.c
                    cfg01   0x00071a    program     extern C:\Documents and Settings\Administrateur\Bureau\B\B\autofiles\usbdsc.c
               clear_loop   0x000790    program     static C:\MCC18\src\traditional\proc\p18F2455.asm
                copy_loop   0x0006dc    program     static                          
            copy_one_byte   0x0006e2    program     static                          
               device_dsc   0x000708    program     extern C:\Documents and Settings\Administrateur\Bureau\B\B\autofiles\usbdsc.c
                     done   0x000706    program     static                          
             done_copying   0x0006f0    program     static                          
                     loop   0x00077e    program     static                          
                     main   0x00073e    program     extern C:\Documents and Settings\Administrateur\Bureau\B\B\main.c
                    sd000   0x00073a    program     extern C:\Documents and Settings\Administrateur\Bureau\B\B\autofiles\usbdsc.c
                     test   0x000684    program     static                          
                   ADCON0   0x000fc2       data     extern C:\MCC18\src\traditional\proc\p18F2455.asm
               ADCON0bits   0x000fc2       data     extern C:\MCC18\src\traditional\proc\p18F2455.asm
                   ADCON1   0x000fc1       data     extern C:\MCC18\src\traditional\proc\p18F2455.asm
               ADCON1bits   0x000fc1       data     extern C:\MCC18\src\traditional\proc\p18F2455.asm
                   ADCON2   0x000fc0       data     extern C:\MCC18\src\traditional\proc\p18F2455.asm
               ADCON2bits   0x000fc0       data     extern C:\MCC18\src\traditional\proc\p18F2455.asm
                    ADRES   0x000fc3       data     extern C:\MCC18\src\traditional\proc\p18F2455.asm
                   ADRESH   0x000fc4       data     extern C:\MCC18\src\traditional\proc\p18F2455.asm
                   ADRESL   0x000fc3       data     extern C:\MCC18\src\traditional\proc\p18F2455.asm
                  BAUDCON   0x000fb8       data     extern C:\MCC18\src\traditional\proc\p18F2455.asm
              BAUDCONbits   0x000fb8       data     extern C:\MCC18\src\traditional\proc\p18F2455.asm
                      BSR   0x000fe0       data     extern C:\MCC18\src\traditional\proc\p18F2455.asm
                   CCP1AS   0x000fb6       data     extern C:\MCC18\src\traditional\proc\p18F2455.asm
               CCP1ASbits   0x000fb6       data     extern C:\MCC18\src\traditional\proc\p18F2455.asm
                  CCP1CON   0x000fbd       data     extern C:\MCC18\src\traditional\proc\p18F2455.asm
              CCP1CONbits   0x000fbd       data     extern C:\MCC18\src\traditional\proc\p18F2455.asm
                  CCP1DEL   0x000fb7       data     extern C:\MCC18\src\traditional\proc\p18F2455.asm
              CCP1DELbits   0x000fb7       data     extern C:\MCC18\src\traditional\proc\p18F2455.asm
                  CCP2CON   0x000fba       data     extern C:\MCC18\src\traditional\proc\p18F2455.asm
              CCP2CONbits   0x000fba       data     extern C:\MCC18\src\traditional\proc\p18F2455.asm
                    CCPR1   0x000fbe       data     extern C:\MCC18\src\traditional\proc\p18F2455.asm
                   CCPR1H   0x000fbf       data     extern C:\MCC18\src\traditional\proc\p18F2455.asm
                   CCPR1L   0x000fbe       data     extern C:\MCC18\src\traditional\proc\p18F2455.asm
                    CCPR2   0x000fbb       data     extern C:\MCC18\src\traditional\proc\p18F2455.asm
                   CCPR2H   0x000fbc       data     extern C:\MCC18\src\traditional\proc\p18F2455.asm
                   CCPR2L   0x000fbb       data     extern C:\MCC18\src\traditional\proc\p18F2455.asm
                    CMCON   0x000fb4       data     extern C:\MCC18\src\traditional\proc\p18F2455.asm
                CMCONbits   0x000fb4       data     extern C:\MCC18\src\traditional\proc\p18F2455.asm
                   CVRCON   0x000fb5       data     extern C:\MCC18\src\traditional\proc\p18F2455.asm
               CVRCONbits   0x000fb5       data     extern C:\MCC18\src\traditional\proc\p18F2455.asm
              CtrlTrfData   0x000418       data     extern C:\Documents and Settings\Administrateur\Bureau\B\B\system\usb\usbmmap.c
                     DDRA   0x000f92       data     extern C:\MCC18\src\traditional\proc\p18F2455.asm
                 DDRAbits   0x000f92       data     extern C:\MCC18\src\traditional\proc\p18F2455.asm
                     DDRB   0x000f93       data     extern C:\MCC18\src\traditional\proc\p18F2455.asm
                 DDRBbits   0x000f93       data     extern C:\MCC18\src\traditional\proc\p18F2455.asm
                     DDRC   0x000f94       data     extern C:\MCC18\src\traditional\proc\p18F2455.asm
                 DDRCbits   0x000f94       data     extern C:\MCC18\src\traditional\proc\p18F2455.asm
                  ECCP1AS   0x000fb6       data     extern C:\MCC18\src\traditional\proc\p18F2455.asm
              ECCP1ASbits   0x000fb6       data     extern C:\MCC18\src\traditional\proc\p18F2455.asm
                 ECCP1DEL   0x000fb7       data     extern C:\MCC18\src\traditional\proc\p18F2455.asm
             ECCP1DELbits   0x000fb7       data     extern C:\MCC18\src\traditional\proc\p18F2455.asm
                    EEADR   0x000fa9       data     extern C:\MCC18\src\traditional\proc\p18F2455.asm
                   EECON1   0x000fa6       data     extern C:\MCC18\src\traditional\proc\p18F2455.asm
               EECON1bits   0x000fa6       data     extern C:\MCC18\src\traditional\proc\p18F2455.asm
                   EECON2   0x000fa7       data     extern C:\MCC18\src\traditional\proc\p18F2455.asm
                   EEDATA   0x000fa8       data     extern C:\MCC18\src\traditional\proc\p18F2455.asm
                     FSR0   0x000fe9       data     extern C:\MCC18\src\traditional\proc\p18F2455.asm
                    FSR0H   0x000fea       data     extern C:\MCC18\src\traditional\proc\p18F2455.asm
                    FSR0L   0x000fe9       data     extern C:\MCC18\src\traditional\proc\p18F2455.asm
                     FSR1   0x000fe1       data     extern C:\MCC18\src\traditional\proc\p18F2455.asm
                    FSR1H   0x000fe2       data     extern C:\MCC18\src\traditional\proc\p18F2455.asm
                    FSR1L   0x000fe1       data     extern C:\MCC18\src\traditional\proc\p18F2455.asm
                     FSR2   0x000fd9       data     extern C:\MCC18\src\traditional\proc\p18F2455.asm
                    FSR2H   0x000fda       data     extern C:\MCC18\src\traditional\proc\p18F2455.asm
                    FSR2L   0x000fd9       data     extern C:\MCC18\src\traditional\proc\p18F2455.asm
                  HLVDCON   0x000fd2       data     extern C:\MCC18\src\traditional\proc\p18F2455.asm
              HLVDCONbits   0x000fd2       data     extern C:\MCC18\src\traditional\proc\p18F2455.asm
                    INDF0   0x000fef       data     extern C:\MCC18\src\traditional\proc\p18F2455.asm
                    INDF1   0x000fe7       data     extern C:\MCC18\src\traditional\proc\p18F2455.asm
                    INDF2   0x000fdf       data     extern C:\MCC18\src\traditional\proc\p18F2455.asm
                   INTCON   0x000ff2       data     extern C:\MCC18\src\traditional\proc\p18F2455.asm
                  INTCON2   0x000ff1       data     extern C:\MCC18\src\traditional\proc\p18F2455.asm
              INTCON2bits   0x000ff1       data     extern C:\MCC18\src\traditional\proc\p18F2455.asm
                  INTCON3   0x000ff0       data     extern C:\MCC18\src\traditional\proc\p18F2455.asm
              INTCON3bits   0x000ff0       data     extern C:\MCC18\src\traditional\proc\p18F2455.asm
               INTCONbits   0x000ff2       data     extern C:\MCC18\src\traditional\proc\p18F2455.asm
                     IPR1   0x000f9f       data     extern C:\MCC18\src\traditional\proc\p18F2455.asm
                 IPR1bits   0x000f9f       data     extern C:\MCC18\src\traditional\proc\p18F2455.asm
                     IPR2   0x000fa2       data     extern C:\MCC18\src\traditional\proc\p18F2455.asm
                 IPR2bits   0x000fa2       data     extern C:\MCC18\src\traditional\proc\p18F2455.asm
                     LATA   0x000f89       data     extern C:\MCC18\src\traditional\proc\p18F2455.asm
                 LATAbits   0x000f89       data     extern C:\MCC18\src\traditional\proc\p18F2455.asm
                     LATB   0x000f8a       data     extern C:\MCC18\src\traditional\proc\p18F2455.asm
                 LATBbits   0x000f8a       data     extern C:\MCC18\src\traditional\proc\p18F2455.asm
                     LATC   0x000f8b       data     extern C:\MCC18\src\traditional\proc\p18F2455.asm
                 LATCbits   0x000f8b       data     extern C:\MCC18\src\traditional\proc\p18F2455.asm
                   LVDCON   0x000fd2       data     extern C:\MCC18\src\traditional\proc\p18F2455.asm
               LVDCONbits   0x000fd2       data     extern C:\MCC18\src\traditional\proc\p18F2455.asm
                   OSCCON   0x000fd3       data     extern C:\MCC18\src\traditional\proc\p18F2455.asm
               OSCCONbits   0x000fd3       data     extern C:\MCC18\src\traditional\proc\p18F2455.asm
                  OSCTUNE   0x000f9b       data     extern C:\MCC18\src\traditional\proc\p18F2455.asm
              OSCTUNEbits   0x000f9b       data     extern C:\MCC18\src\traditional\proc\p18F2455.asm
                       PC   0x000ff9       data     extern C:\MCC18\src\traditional\proc\p18F2455.asm
                      PCL   0x000ff9       data     extern C:\MCC18\src\traditional\proc\p18F2455.asm
                   PCLATH   0x000ffa       data     extern C:\MCC18\src\traditional\proc\p18F2455.asm
                   PCLATU   0x000ffb       data     extern C:\MCC18\src\traditional\proc\p18F2455.asm
                     PIE1   0x000f9d       data     extern C:\MCC18\src\traditional\proc\p18F2455.asm
                 PIE1bits   0x000f9d       data     extern C:\MCC18\src\traditional\proc\p18F2455.asm
                     PIE2   0x000fa0       data     extern C:\MCC18\src\traditional\proc\p18F2455.asm
                 PIE2bits   0x000fa0       data     extern C:\MCC18\src\traditional\proc\p18F2455.asm
                     PIR1   0x000f9e       data     extern C:\MCC18\src\traditional\proc\p18F2455.asm
                 PIR1bits   0x000f9e       data     extern C:\MCC18\src\traditional\proc\p18F2455.asm
                     PIR2   0x000fa1       data     extern C:\MCC18\src\traditional\proc\p18F2455.asm
                 PIR2bits   0x000fa1       data     extern C:\MCC18\src\traditional\proc\p18F2455.asm
                   PLUSW0   0x000feb       data     extern C:\MCC18\src\traditional\proc\p18F2455.asm
                   PLUSW1   0x000fe3       data     extern C:\MCC18\src\traditional\proc\p18F2455.asm
                   PLUSW2   0x000fdb       data     extern C:\MCC18\src\traditional\proc\p18F2455.asm
                    PORTA   0x000f80       data     extern C:\MCC18\src\traditional\proc\p18F2455.asm
                PORTAbits   0x000f80       data     extern C:\MCC18\src\traditional\proc\p18F2455.asm
                    PORTB   0x000f81       data     extern C:\MCC18\src\traditional\proc\p18F2455.asm
                PORTBbits   0x000f81       data     extern C:\MCC18\src\traditional\proc\p18F2455.asm
                    PORTC   0x000f82       data     extern C:\MCC18\src\traditional\proc\p18F2455.asm
                PORTCbits   0x000f82       data     extern C:\MCC18\src\traditional\proc\p18F2455.asm
                    PORTE   0x000f84       data     extern C:\MCC18\src\traditional\proc\p18F2455.asm
                PORTEbits   0x000f84       data     extern C:\MCC18\src\traditional\proc\p18F2455.asm
                 POSTDEC0   0x000fed       data     extern C:\MCC18\src\traditional\proc\p18F2455.asm
                 POSTDEC1   0x000fe5       data     extern C:\MCC18\src\traditional\proc\p18F2455.asm
                 POSTDEC2   0x000fdd       data     extern C:\MCC18\src\traditional\proc\p18F2455.asm
                 POSTINC0   0x000fee       data     extern C:\MCC18\src\traditional\proc\p18F2455.asm
                 POSTINC1   0x000fe6       data     extern C:\MCC18\src\traditional\proc\p18F2455.asm
                 POSTINC2   0x000fde       data     extern C:\MCC18\src\traditional\proc\p18F2455.asm
                      PR2   0x000fcb       data     extern C:\MCC18\src\traditional\proc\p18F2455.asm
                  PREINC0   0x000fec       data     extern C:\MCC18\src\traditional\proc\p18F2455.asm
                  PREINC1   0x000fe4       data     extern C:\MCC18\src\traditional\proc\p18F2455.asm
                  PREINC2   0x000fdc       data     extern C:\MCC18\src\traditional\proc\p18F2455.asm
                     PROD   0x000ff3       data     extern C:\MCC18\src\traditional\proc\p18F2455.asm
                    PRODH   0x000ff4       data     extern C:\MCC18\src\traditional\proc\p18F2455.asm
                    PRODL   0x000ff3       data     extern C:\MCC18\src\traditional\proc\p18F2455.asm
                     RCON   0x000fd0       data     extern C:\MCC18\src\traditional\proc\p18F2455.asm
                 RCONbits   0x000fd0       data     extern C:\MCC18\src\traditional\proc\p18F2455.asm
                    RCREG   0x000fae       data     extern C:\MCC18\src\traditional\proc\p18F2455.asm
                    RCSTA   0x000fab       data     extern C:\MCC18\src\traditional\proc\p18F2455.asm
                RCSTAbits   0x000fab       data     extern C:\MCC18\src\traditional\proc\p18F2455.asm
                     SIGN   0x00000b       data     extern C:\MCC18\src\traditional\math\cmath18.asm
                    SPBRG   0x000faf       data     extern C:\MCC18\src\traditional\proc\p18F2455.asm
                   SPBRGH   0x000fb0       data     extern C:\MCC18\src\traditional\proc\p18F2455.asm
                   SSPADD   0x000fc8       data     extern C:\MCC18\src\traditional\proc\p18F2455.asm
                   SSPBUF   0x000fc9       data     extern C:\MCC18\src\traditional\proc\p18F2455.asm
                  SSPCON1   0x000fc6       data     extern C:\MCC18\src\traditional\proc\p18F2455.asm
              SSPCON1bits   0x000fc6       data     extern C:\MCC18\src\traditional\proc\p18F2455.asm
                  SSPCON2   0x000fc5       data     extern C:\MCC18\src\traditional\proc\p18F2455.asm
              SSPCON2bits   0x000fc5       data     extern C:\MCC18\src\traditional\proc\p18F2455.asm
                  SSPSTAT   0x000fc7       data     extern C:\MCC18\src\traditional\proc\p18F2455.asm
              SSPSTATbits   0x000fc7       data     extern C:\MCC18\src\traditional\proc\p18F2455.asm
                   STATUS   0x000fd8       data     extern C:\MCC18\src\traditional\proc\p18F2455.asm
               STATUSbits   0x000fd8       data     extern C:\MCC18\src\traditional\proc\p18F2455.asm
                   STKPTR   0x000ffc       data     extern C:\MCC18\src\traditional\proc\p18F2455.asm
               STKPTRbits   0x000ffc       data     extern C:\MCC18\src\traditional\proc\p18F2455.asm
                 SetupPkt   0x000410       data     extern C:\Documents and Settings\Administrateur\Bureau\B\B\system\usb\usbmmap.c
                    T0CON   0x000fd5       data     extern C:\MCC18\src\traditional\proc\p18F2455.asm
                T0CONbits   0x000fd5       data     extern C:\MCC18\src\traditional\proc\p18F2455.asm
                    T1CON   0x000fcd       data     extern C:\MCC18\src\traditional\proc\p18F2455.asm
                T1CONbits   0x000fcd       data     extern C:\MCC18\src\traditional\proc\p18F2455.asm
                    T2CON   0x000fca       data     extern C:\MCC18\src\traditional\proc\p18F2455.asm
                T2CONbits   0x000fca       data     extern C:\MCC18\src\traditional\proc\p18F2455.asm
                    T3CON   0x000fb1       data     extern C:\MCC18\src\traditional\proc\p18F2455.asm
                T3CONbits   0x000fb1       data     extern C:\MCC18\src\traditional\proc\p18F2455.asm
                   TABLAT   0x000ff5       data     extern C:\MCC18\src\traditional\proc\p18F2455.asm
                   TBLPTR   0x000ff6       data     extern C:\MCC18\src\traditional\proc\p18F2455.asm
                  TBLPTRH   0x000ff7       data     extern C:\MCC18\src\traditional\proc\p18F2455.asm
                  TBLPTRL   0x000ff6       data     extern C:\MCC18\src\traditional\proc\p18F2455.asm
                  TBLPTRU   0x000ff8       data     extern C:\MCC18\src\traditional\proc\p18F2455.asm
                    TMR0H   0x000fd7       data     extern C:\MCC18\src\traditional\proc\p18F2455.asm
                    TMR0L   0x000fd6       data     extern C:\MCC18\src\traditional\proc\p18F2455.asm
                    TMR1H   0x000fcf       data     extern C:\MCC18\src\traditional\proc\p18F2455.asm
                    TMR1L   0x000fce       data     extern C:\MCC18\src\traditional\proc\p18F2455.asm
                     TMR2   0x000fcc       data     extern C:\MCC18\src\traditional\proc\p18F2455.asm
                    TMR3H   0x000fb3       data     extern C:\MCC18\src\traditional\proc\p18F2455.asm
                    TMR3L   0x000fb2       data     extern C:\MCC18\src\traditional\proc\p18F2455.asm
                      TOS   0x000ffd       data     extern C:\MCC18\src\traditional\proc\p18F2455.asm
                     TOSH   0x000ffe       data     extern C:\MCC18\src\traditional\proc\p18F2455.asm
                     TOSL   0x000ffd       data     extern C:\MCC18\src\traditional\proc\p18F2455.asm
                     TOSU   0x000fff       data     extern C:\MCC18\src\traditional\proc\p18F2455.asm
                    TRISA   0x000f92       data     extern C:\MCC18\src\traditional\proc\p18F2455.asm
                TRISAbits   0x000f92       data     extern C:\MCC18\src\traditional\proc\p18F2455.asm
                    TRISB   0x000f93       data     extern C:\MCC18\src\traditional\proc\p18F2455.asm
                TRISBbits   0x000f93       data     extern C:\MCC18\src\traditional\proc\p18F2455.asm
                    TRISC   0x000f94       data     extern C:\MCC18\src\traditional\proc\p18F2455.asm
                TRISCbits   0x000f94       data     extern C:\MCC18\src\traditional\proc\p18F2455.asm
                    TXREG   0x000fad       data     extern C:\MCC18\src\traditional\proc\p18F2455.asm
                    TXSTA   0x000fac       data     extern C:\MCC18\src\traditional\proc\p18F2455.asm
                TXSTAbits   0x000fac       data     extern C:\MCC18\src\traditional\proc\p18F2455.asm
                    UADDR   0x000f6e       data     extern C:\MCC18\src\traditional\proc\p18F2455.asm
                UADDRbits   0x000f6e       data     extern C:\MCC18\src\traditional\proc\p18F2455.asm
                     UCFG   0x000f6f       data     extern C:\MCC18\src\traditional\proc\p18F2455.asm
                 UCFGbits   0x000f6f       data     extern C:\MCC18\src\traditional\proc\p18F2455.asm
                     UCON   0x000f6d       data     extern C:\MCC18\src\traditional\proc\p18F2455.asm
                 UCONbits   0x000f6d       data     extern C:\MCC18\src\traditional\proc\p18F2455.asm
                     UEIE   0x000f6b       data     extern C:\MCC18\src\traditional\proc\p18F2455.asm
                 UEIEbits   0x000f6b       data     extern C:\MCC18\src\traditional\proc\p18F2455.asm
                     UEIR   0x000f6a       data     extern C:\MCC18\src\traditional\proc\p18F2455.asm
                 UEIRbits   0x000f6a       data     extern C:\MCC18\src\traditional\proc\p18F2455.asm
                     UEP0   0x000f70       data     extern C:\MCC18\src\traditional\proc\p18F2455.asm
                 UEP0bits   0x000f70       data     extern C:\MCC18\src\traditional\proc\p18F2455.asm
                     UEP1   0x000f71       data     extern C:\MCC18\src\traditional\proc\p18F2455.asm
                    UEP10   0x000f7a       data     extern C:\MCC18\src\traditional\proc\p18F2455.asm
                UEP10bits   0x000f7a       data     extern C:\MCC18\src\traditional\proc\p18F2455.asm
                    UEP11   0x000f7b       data     extern C:\MCC18\src\traditional\proc\p18F2455.asm
                UEP11bits   0x000f7b       data     extern C:\MCC18\src\traditional\proc\p18F2455.asm
                    UEP12   0x000f7c       data     extern C:\MCC18\src\traditional\proc\p18F2455.asm
                UEP12bits   0x000f7c       data     extern C:\MCC18\src\traditional\proc\p18F2455.asm
                    UEP13   0x000f7d       data     extern C:\MCC18\src\traditional\proc\p18F2455.asm
                UEP13bits   0x000f7d       data     extern C:\MCC18\src\traditional\proc\p18F2455.asm
                    UEP14   0x000f7e       data     extern C:\MCC18\src\traditional\proc\p18F2455.asm
                UEP14bits   0x000f7e       data     extern C:\MCC18\src\traditional\proc\p18F2455.asm
                    UEP15   0x000f7f       data     extern C:\MCC18\src\traditional\proc\p18F2455.asm
                UEP15bits   0x000f7f       data     extern C:\MCC18\src\traditional\proc\p18F2455.asm
                 UEP1bits   0x000f71       data     extern C:\MCC18\src\traditional\proc\p18F2455.asm
                     UEP2   0x000f72       data     extern C:\MCC18\src\traditional\proc\p18F2455.asm
                 UEP2bits   0x000f72       data     extern C:\MCC18\src\traditional\proc\p18F2455.asm
                     UEP3   0x000f73       data     extern C:\MCC18\src\traditional\proc\p18F2455.asm
                 UEP3bits   0x000f73       data     extern C:\MCC18\src\traditional\proc\p18F2455.asm
                     UEP4   0x000f74       data     extern C:\MCC18\src\traditional\proc\p18F2455.asm
                 UEP4bits   0x000f74       data     extern C:\MCC18\src\traditional\proc\p18F2455.asm
                     UEP5   0x000f75       data     extern C:\MCC18\src\traditional\proc\p18F2455.asm
                 UEP5bits   0x000f75       data     extern C:\MCC18\src\traditional\proc\p18F2455.asm
                     UEP6   0x000f76       data     extern C:\MCC18\src\traditional\proc\p18F2455.asm
                 UEP6bits   0x000f76       data     extern C:\MCC18\src\traditional\proc\p18F2455.asm
                     UEP7   0x000f77       data     extern C:\MCC18\src\traditional\proc\p18F2455.asm
                 UEP7bits   0x000f77       data     extern C:\MCC18\src\traditional\proc\p18F2455.asm
                     UEP8   0x000f78       data     extern C:\MCC18\src\traditional\proc\p18F2455.asm
                 UEP8bits   0x000f78       data     extern C:\MCC18\src\traditional\proc\p18F2455.asm
                     UEP9   0x000f79       data     extern C:\MCC18\src\traditional\proc\p18F2455.asm
                 UEP9bits   0x000f79       data     extern C:\MCC18\src\traditional\proc\p18F2455.asm
                     UFRM   0x000f66       data     extern C:\MCC18\src\traditional\proc\p18F2455.asm
                    UFRMH   0x000f67       data     extern C:\MCC18\src\traditional\proc\p18F2455.asm
                UFRMHbits   0x000f67       data     extern C:\MCC18\src\traditional\proc\p18F2455.asm
                    UFRML   0x000f66       data     extern C:\MCC18\src\traditional\proc\p18F2455.asm
                UFRMLbits   0x000f66       data     extern C:\MCC18\src\traditional\proc\p18F2455.asm
                      UIE   0x000f69       data     extern C:\MCC18\src\traditional\proc\p18F2455.asm
                  UIEbits   0x000f69       data     extern C:\MCC18\src\traditional\proc\p18F2455.asm
                      UIR   0x000f68       data     extern C:\MCC18\src\traditional\proc\p18F2455.asm
                  UIRbits   0x000f68       data     extern C:\MCC18\src\traditional\proc\p18F2455.asm
                    USTAT   0x000f6c       data     extern C:\MCC18\src\traditional\proc\p18F2455.asm
                USTATbits   0x000f6c       data     extern C:\MCC18\src\traditional\proc\p18F2455.asm
                   WDTCON   0x000fd1       data     extern C:\MCC18\src\traditional\proc\p18F2455.asm
               WDTCONbits   0x000fd1       data     extern C:\MCC18\src\traditional\proc\p18F2455.asm
                     WREG   0x000fe8       data     extern C:\MCC18\src\traditional\proc\p18F2455.asm
                __FPFLAGS   0x00000c       data     extern C:\MCC18\src\traditional\math\cmath18.asm
            __FPFLAGSbits   0x00000c       data     extern C:\MCC18\src\traditional\math\cmath18.asm
                  __tmp_0   0x000007       data     static C:\Documents and Settings\Administrateur\Bureau\B\B\system\usb\class\boot\boot.c
                  __tmp_0   0x000007       data     static C:\Documents and Settings\Administrateur\Bureau\B\B\system\usb\usbctrltrf\usbctrltrf.c
              big_counter   0x000003       data     extern C:\Documents and Settings\Administrateur\Bureau\B\B\system\usb\class\boot\boot.c
                 byteTemp   0x000001       data     extern C:\Documents and Settings\Administrateur\Bureau\B\B\system\usb\class\boot\boot.c
             byte_to_read   0x00006a       data     static C:\Documents and Settings\Administrateur\Bureau\B\B\system\usb\usbctrltrf\usbctrltrf.c
             byte_to_send   0x000069       data     static C:\Documents and Settings\Administrateur\Bureau\B\B\system\usb\usbctrltrf\usbctrltrf.c
                  counter   0x000000       data     extern C:\Documents and Settings\Administrateur\Bureau\B\B\system\usb\class\boot\boot.c
   ctrl_trf_session_owner   0x000061       data     extern C:\Documents and Settings\Administrateur\Bureau\B\B\system\usb\usbctrltrf\usbctrltrf.c
           ctrl_trf_state   0x000060       data     extern C:\Documents and Settings\Administrateur\Bureau\B\B\system\usb\usbctrltrf\usbctrltrf.c
                curr_byte   0x00006e       data     static C:\MCC18\src\traditional\startup\c018i.c
               curr_entry   0x000070       data     static C:\MCC18\src\traditional\startup\c018i.c
               dataPacket   0x000420       data     extern C:\Documents and Settings\Administrateur\Bureau\B\B\system\usb\usbmmap.c
                 data_ptr   0x000072       data     static C:\MCC18\src\traditional\startup\c018i.c
                    ep0Bi   0x000404       data     extern C:\Documents and Settings\Administrateur\Bureau\B\B\system\usb\usbmmap.c
                    ep0Bo   0x000400       data     extern C:\Documents and Settings\Administrateur\Bureau\B\B\system\usb\usbmmap.c
                    ep1Bi   0x00040c       data     extern C:\Documents and Settings\Administrateur\Bureau\B\B\system\usb\usbmmap.c
                    ep1Bo   0x000408       data     extern C:\Documents and Settings\Administrateur\Bureau\B\B\system\usb\usbmmap.c
                        i   0x000068       data     static C:\Documents and Settings\Administrateur\Bureau\B\B\system\usb\usbctrltrf\usbctrltrf.c
                led_count   0x000005       data     static C:\Documents and Settings\Administrateur\Bureau\B\B\system\usb\class\boot\boot.c
                     pDst   0x000064       data     extern C:\Documents and Settings\Administrateur\Bureau\B\B\system\usb\usbctrltrf\usbctrltrf.c
                     pSrc   0x000062       data     extern C:\Documents and Settings\Administrateur\Bureau\B\B\system\usb\usbctrltrf\usbctrltrf.c
                     prom   0x00006b       data     static C:\MCC18\src\traditional\startup\c018i.c
                     temp   0x000079       data     static C:\Documents and Settings\Administrateur\Bureau\B\B\main.c
                trf_state   0x000002       data     extern C:\Documents and Settings\Administrateur\Bureau\B\B\system\usb\class\boot\boot.c
           usb_active_cfg   0x000077       data     extern C:\Documents and Settings\Administrateur\Bureau\B\B\system\usb\usbmmap.c
             usb_alt_intf   0x000078       data     extern C:\Documents and Settings\Administrateur\Bureau\B\B\system\usb\usbmmap.c
         usb_device_state   0x000075       data     extern C:\Documents and Settings\Administrateur\Bureau\B\B\system\usb\usbmmap.c
                 usb_stat   0x000076       data     extern C:\Documents and Settings\Administrateur\Bureau\B\B\system\usb\usbmmap.c
                   wCount   0x000066       data     extern C:\Documents and Settings\Administrateur\Bureau\B\B\system\usb\usbctrltrf\usbctrltrf.c



                              Symbols - Sorted by Address
                     Name    Address   Location    Storage File                     
                ---------  ---------  ---------  --------- ---------                
                   _entry   0x000000    program     extern C:\MCC18\src\traditional\startup\c018i.c
       ___return_lbl00000   0x000004    program     static                          
               BootInitEP   0x000008    program     extern C:\Documents and Settings\Administrateur\Bureau\B\B\system\usb\class\boot\boot.c
               StartWrite   0x000030    program     extern C:\Documents and Settings\Administrateur\Bureau\B\B\system\usb\class\boot\boot.c
              ReadVersion   0x00003c    program     extern C:\Documents and Settings\Administrateur\Bureau\B\B\system\usb\class\boot\boot.c
              ReadProgMem   0x000046    program     extern C:\Documents and Settings\Administrateur\Bureau\B\B\system\usb\class\boot\boot.c
             WriteProgMem   0x00008c    program     extern C:\Documents and Settings\Administrateur\Bureau\B\B\system\usb\class\boot\boot.c
             EraseProgMem   0x0000e8    program     extern C:\Documents and Settings\Administrateur\Bureau\B\B\system\usb\class\boot\boot.c
                   ReadEE   0x000134    program     extern C:\Documents and Settings\Administrateur\Bureau\B\B\system\usb\class\boot\boot.c
                  WriteEE   0x00015e    program     extern C:\Documents and Settings\Administrateur\Bureau\B\B\system\usb\class\boot\boot.c
              WriteConfig   0x00018e    program     extern C:\Documents and Settings\Administrateur\Bureau\B\B\system\usb\class\boot\boot.c
              BootService   0x0001de    program     extern C:\Documents and Settings\Administrateur\Bureau\B\B\system\usb\class\boot\boot.c
               __tmplbl_1   0x0001e8    program     static                          
               __tmplbl_0   0x0001ee    program     static                          
           ___if_lbl00032   0x0001f0    program     static                          
           ___if_lbl00033   0x000212    program     static                          
           ___if_lbl00034   0x000214    program     static                          
       ___case_0_lbl00036   0x00024a    program     static                          
       ___case_6_lbl00037   0x000252    program     static                          
       ___case_1_lbl00038   0x000252    program     static                          
       ___case_2_lbl00039   0x00025a    program     static                          
       ___case_3_lbl00040   0x000262    program     static                          
       ___case_4_lbl00041   0x00026a    program     static                          
       ___case_5_lbl00042   0x000272    program     static                          
       ___case_7_lbl00043   0x00027a    program     static                          
      ___case_-1_lbl00044   0x000282    program     static                          
        ___while_lbl00045   0x000288    program     static                          
        ___while_lbl00046   0x000296    program     static                          
      ___case_50_lbl00048   0x00029a    program     static                          
           ___if_lbl00047   0x0002a6    program     static                          
           ___if_lbl00049   0x0002b2    program     static                          
      ___default_lbl00050   0x0002b4    program     static                          
   ___switchexit_lbl00035   0x0002b6    program     static                          
       ___return_lbl00030   0x0002d2    program     static                          
           ___if_lbl00051   0x0002d2    program     static                          
           ___if_lbl00052   0x0002d2    program     static                          
           BlinkUSBStatus   0x0002d4    program     extern C:\Documents and Settings\Administrateur\Bureau\B\B\system\usb\class\boot\boot.c
         USBCtrlEPService   0x000302    program     extern C:\Documents and Settings\Administrateur\Bureau\B\B\system\usb\usbctrltrf\usbctrltrf.c
   USBCtrlTrfSetupHandler   0x000338    program     extern C:\Documents and Settings\Administrateur\Bureau\B\B\system\usb\usbctrltrf\usbctrltrf.c
     USBCtrlTrfOutHandler   0x00034a    program     extern C:\Documents and Settings\Administrateur\Bureau\B\B\system\usb\usbctrltrf\usbctrltrf.c
      USBCtrlTrfInHandler   0x000368    program     extern C:\Documents and Settings\Administrateur\Bureau\B\B\system\usb\usbctrltrf\usbctrltrf.c
      USBCtrlTrfTxService   0x00039e    program     extern C:\Documents and Settings\Administrateur\Bureau\B\B\system\usb\usbctrltrf\usbctrltrf.c
      USBCtrlTrfRxService   0x00040c    program     extern C:\Documents and Settings\Administrateur\Bureau\B\B\system\usb\usbctrltrf\usbctrltrf.c
 USBCtrlEPServiceComplete   0x00044e    program     extern C:\Documents and Settings\Administrateur\Bureau\B\B\system\usb\usbctrltrf\usbctrltrf.c
USBPrepareForNextSetupTrf   0x0004d8    program     extern C:\Documents and Settings\Administrateur\Bureau\B\B\system\usb\usbctrltrf\usbctrltrf.c
       USBCheckStdRequest   0x0004f4    program     extern C:\Documents and Settings\Administrateur\Bureau\B\B\system\usb\usb9\usb9.c
      USBStdSetCfgHandler   0x00059e    program     extern C:\Documents and Settings\Administrateur\Bureau\B\B\system\usb\usb9\usb9.c
        USBCheckBusStatus   0x0005c0    program     extern C:\Documents and Settings\Administrateur\Bureau\B\B\system\usb\usbdrv\usbdrv.c
         USBDriverService   0x0005d6    program     extern C:\Documents and Settings\Administrateur\Bureau\B\B\system\usb\usbdrv\usbdrv.c
               __tmplbl_1   0x0005dc    program     static                          
               __tmplbl_0   0x0005e2    program     static                          
           ___if_lbl00005   0x0005e8    program     static                          
               __tmplbl_3   0x0005ee    program     static                          
               __tmplbl_2   0x0005f4    program     static                          
           ___if_lbl00007   0x0005f6    program     static                          
               __tmplbl_5   0x0005fc    program     static                          
               __tmplbl_4   0x000602    program     static                          
           ___if_lbl00009   0x00060e    program     static                          
               __tmplbl_7   0x000614    program     static                          
               __tmplbl_6   0x00061a    program     static                          
           ___if_lbl00011   0x000624    program     static                          
           ___if_lbl00012   0x000626    program     static                          
           ___if_lbl00013   0x000630    program     static                          
               __tmplbl_9   0x000636    program     static                          
               __tmplbl_8   0x00063c    program     static                          
           ___if_lbl00015   0x000642    program     static                          
       ___return_lbl00003   0x000642    program     static                          
  USBProtocolResetHandler   0x000644    program     extern C:\Documents and Settings\Administrateur\Bureau\B\B\system\usb\usbdrv\usbdrv.c
                _do_cinit   0x00066a    program     extern C:\MCC18\src\traditional\startup\c018i.c
                     test   0x000684    program     static                          
                copy_loop   0x0006dc    program     static                          
            copy_one_byte   0x0006e2    program     static                          
             done_copying   0x0006f0    program     static                          
                     done   0x000706    program     static                          
       ___return_lbl00002   0x000706    program     static                          
               device_dsc   0x000708    program     extern C:\Documents and Settings\Administrateur\Bureau\B\B\autofiles\usbdsc.c
                    cfg01   0x00071a    program     extern C:\Documents and Settings\Administrateur\Bureau\B\B\autofiles\usbdsc.c
                    sd000   0x00073a    program     extern C:\Documents and Settings\Administrateur\Bureau\B\B\autofiles\usbdsc.c
                     main   0x00073e    program     extern C:\Documents and Settings\Administrateur\Bureau\B\B\main.c
           ___if_lbl00001   0x000752    program     static                          
        ___while_lbl00002   0x000762    program     static                          
       ___return_lbl00000   0x00076c    program     static                          
        ___while_lbl00003   0x00076c    program     static                          
                 _startup   0x00076e    program     extern C:\MCC18\src\traditional\startup\c018i.c
                     loop   0x00077e    program     static                          
       ___return_lbl00001   0x000788    program     static                          
            __zero_memory   0x00078a    program     extern C:\MCC18\src\traditional\proc\p18F2455.asm
               clear_loop   0x000790    program     static C:\MCC18\src\traditional\proc\p18F2455.asm
                   __init   0x000798    program     extern C:\MCC18\src\traditional\stdclib\__init.c
               __config_0   0x300000    program     static C:\Documents and Settings\Administrateur\Bureau\B\B\main.c
               __config_1   0x300001    program     static C:\Documents and Settings\Administrateur\Bureau\B\B\main.c
               __config_2   0x300002    program     static C:\Documents and Settings\Administrateur\Bureau\B\B\main.c
               __config_3   0x300003    program     static C:\Documents and Settings\Administrateur\Bureau\B\B\main.c
               __config_4   0x300005    program     static C:\Documents and Settings\Administrateur\Bureau\B\B\main.c
               __config_5   0x300006    program     static C:\Documents and Settings\Administrateur\Bureau\B\B\main.c
                  counter   0x000000       data     extern C:\Documents and Settings\Administrateur\Bureau\B\B\system\usb\class\boot\boot.c
                 byteTemp   0x000001       data     extern C:\Documents and Settings\Administrateur\Bureau\B\B\system\usb\class\boot\boot.c
                trf_state   0x000002       data     extern C:\Documents and Settings\Administrateur\Bureau\B\B\system\usb\class\boot\boot.c
              big_counter   0x000003       data     extern C:\Documents and Settings\Administrateur\Bureau\B\B\system\usb\class\boot\boot.c
                led_count   0x000005       data     static C:\Documents and Settings\Administrateur\Bureau\B\B\system\usb\class\boot\boot.c
                  __tmp_0   0x000007       data     static C:\Documents and Settings\Administrateur\Bureau\B\B\system\usb\class\boot\boot.c
                  __tmp_0   0x000007       data     static C:\Documents and Settings\Administrateur\Bureau\B\B\system\usb\usbctrltrf\usbctrltrf.c
                     SIGN   0x00000b       data     extern C:\MCC18\src\traditional\math\cmath18.asm
                __FPFLAGS   0x00000c       data     extern C:\MCC18\src\traditional\math\cmath18.asm
            __FPFLAGSbits   0x00000c       data     extern C:\MCC18\src\traditional\math\cmath18.asm
           ctrl_trf_state   0x000060       data     extern C:\Documents and Settings\Administrateur\Bureau\B\B\system\usb\usbctrltrf\usbctrltrf.c
   ctrl_trf_session_owner   0x000061       data     extern C:\Documents and Settings\Administrateur\Bureau\B\B\system\usb\usbctrltrf\usbctrltrf.c
                     pSrc   0x000062       data     extern C:\Documents and Settings\Administrateur\Bureau\B\B\system\usb\usbctrltrf\usbctrltrf.c
                     pDst   0x000064       data     extern C:\Documents and Settings\Administrateur\Bureau\B\B\system\usb\usbctrltrf\usbctrltrf.c
                   wCount   0x000066       data     extern C:\Documents and Settings\Administrateur\Bureau\B\B\system\usb\usbctrltrf\usbctrltrf.c
                        i   0x000068       data     static C:\Documents and Settings\Administrateur\Bureau\B\B\system\usb\usbctrltrf\usbctrltrf.c
             byte_to_send   0x000069       data     static C:\Documents and Settings\Administrateur\Bureau\B\B\system\usb\usbctrltrf\usbctrltrf.c
             byte_to_read   0x00006a       data     static C:\Documents and Settings\Administrateur\Bureau\B\B\system\usb\usbctrltrf\usbctrltrf.c
                     prom   0x00006b       data     static C:\MCC18\src\traditional\startup\c018i.c
                curr_byte   0x00006e       data     static C:\MCC18\src\traditional\startup\c018i.c
               curr_entry   0x000070       data     static C:\MCC18\src\traditional\startup\c018i.c
                 data_ptr   0x000072       data     static C:\MCC18\src\traditional\startup\c018i.c
         usb_device_state   0x000075       data     extern C:\Documents and Settings\Administrateur\Bureau\B\B\system\usb\usbmmap.c
                 usb_stat   0x000076       data     extern C:\Documents and Settings\Administrateur\Bureau\B\B\system\usb\usbmmap.c
           usb_active_cfg   0x000077       data     extern C:\Documents and Settings\Administrateur\Bureau\B\B\system\usb\usbmmap.c
             usb_alt_intf   0x000078       data     extern C:\Documents and Settings\Administrateur\Bureau\B\B\system\usb\usbmmap.c
                     temp   0x000079       data     static C:\Documents and Settings\Administrateur\Bureau\B\B\main.c
                    ep0Bo   0x000400       data     extern C:\Documents and Settings\Administrateur\Bureau\B\B\system\usb\usbmmap.c
                    ep0Bi   0x000404       data     extern C:\Documents and Settings\Administrateur\Bureau\B\B\system\usb\usbmmap.c
                    ep1Bo   0x000408       data     extern C:\Documents and Settings\Administrateur\Bureau\B\B\system\usb\usbmmap.c
                    ep1Bi   0x00040c       data     extern C:\Documents and Settings\Administrateur\Bureau\B\B\system\usb\usbmmap.c
                 SetupPkt   0x000410       data     extern C:\Documents and Settings\Administrateur\Bureau\B\B\system\usb\usbmmap.c
              CtrlTrfData   0x000418       data     extern C:\Documents and Settings\Administrateur\Bureau\B\B\system\usb\usbmmap.c
               dataPacket   0x000420       data     extern C:\Documents and Settings\Administrateur\Bureau\B\B\system\usb\usbmmap.c
                    UFRML   0x000f66       data     extern C:\MCC18\src\traditional\proc\p18F2455.asm
                UFRMLbits   0x000f66       data     extern C:\MCC18\src\traditional\proc\p18F2455.asm
                     UFRM   0x000f66       data     extern C:\MCC18\src\traditional\proc\p18F2455.asm
                    UFRMH   0x000f67       data     extern C:\MCC18\src\traditional\proc\p18F2455.asm
                UFRMHbits   0x000f67       data     extern C:\MCC18\src\traditional\proc\p18F2455.asm
                      UIR   0x000f68       data     extern C:\MCC18\src\traditional\proc\p18F2455.asm
                  UIRbits   0x000f68       data     extern C:\MCC18\src\traditional\proc\p18F2455.asm
                  UIEbits   0x000f69       data     extern C:\MCC18\src\traditional\proc\p18F2455.asm
                      UIE   0x000f69       data     extern C:\MCC18\src\traditional\proc\p18F2455.asm
                     UEIR   0x000f6a       data     extern C:\MCC18\src\traditional\proc\p18F2455.asm
                 UEIRbits   0x000f6a       data     extern C:\MCC18\src\traditional\proc\p18F2455.asm
                     UEIE   0x000f6b       data     extern C:\MCC18\src\traditional\proc\p18F2455.asm
                 UEIEbits   0x000f6b       data     extern C:\MCC18\src\traditional\proc\p18F2455.asm
                    USTAT   0x000f6c       data     extern C:\MCC18\src\traditional\proc\p18F2455.asm
                USTATbits   0x000f6c       data     extern C:\MCC18\src\traditional\proc\p18F2455.asm
                     UCON   0x000f6d       data     extern C:\MCC18\src\traditional\proc\p18F2455.asm
                 UCONbits   0x000f6d       data     extern C:\MCC18\src\traditional\proc\p18F2455.asm
                    UADDR   0x000f6e       data     extern C:\MCC18\src\traditional\proc\p18F2455.asm
                UADDRbits   0x000f6e       data     extern C:\MCC18\src\traditional\proc\p18F2455.asm
                 UCFGbits   0x000f6f       data     extern C:\MCC18\src\traditional\proc\p18F2455.asm
                     UCFG   0x000f6f       data     extern C:\MCC18\src\traditional\proc\p18F2455.asm
                 UEP0bits   0x000f70       data     extern C:\MCC18\src\traditional\proc\p18F2455.asm
                     UEP0   0x000f70       data     extern C:\MCC18\src\traditional\proc\p18F2455.asm
                     UEP1   0x000f71       data     extern C:\MCC18\src\traditional\proc\p18F2455.asm
                 UEP1bits   0x000f71       data     extern C:\MCC18\src\traditional\proc\p18F2455.asm
                     UEP2   0x000f72       data     extern C:\MCC18\src\traditional\proc\p18F2455.asm
                 UEP2bits   0x000f72       data     extern C:\MCC18\src\traditional\proc\p18F2455.asm
                     UEP3   0x000f73       data     extern C:\MCC18\src\traditional\proc\p18F2455.asm
                 UEP3bits   0x000f73       data     extern C:\MCC18\src\traditional\proc\p18F2455.asm
                     UEP4   0x000f74       data     extern C:\MCC18\src\traditional\proc\p18F2455.asm
                 UEP4bits   0x000f74       data     extern C:\MCC18\src\traditional\proc\p18F2455.asm
                 UEP5bits   0x000f75       data     extern C:\MCC18\src\traditional\proc\p18F2455.asm
                     UEP5   0x000f75       data     extern C:\MCC18\src\traditional\proc\p18F2455.asm
                 UEP6bits   0x000f76       data     extern C:\MCC18\src\traditional\proc\p18F2455.asm
                     UEP6   0x000f76       data     extern C:\MCC18\src\traditional\proc\p18F2455.asm
                     UEP7   0x000f77       data     extern C:\MCC18\src\traditional\proc\p18F2455.asm
                 UEP7bits   0x000f77       data     extern C:\MCC18\src\traditional\proc\p18F2455.asm
                     UEP8   0x000f78       data     extern C:\MCC18\src\traditional\proc\p18F2455.asm
                 UEP8bits   0x000f78       data     extern C:\MCC18\src\traditional\proc\p18F2455.asm
                     UEP9   0x000f79       data     extern C:\MCC18\src\traditional\proc\p18F2455.asm
                 UEP9bits   0x000f79       data     extern C:\MCC18\src\traditional\proc\p18F2455.asm
                    UEP10   0x000f7a       data     extern C:\MCC18\src\traditional\proc\p18F2455.asm
                UEP10bits   0x000f7a       data     extern C:\MCC18\src\traditional\proc\p18F2455.asm
                    UEP11   0x000f7b       data     extern C:\MCC18\src\traditional\proc\p18F2455.asm
                UEP11bits   0x000f7b       data     extern C:\MCC18\src\traditional\proc\p18F2455.asm
                UEP12bits   0x000f7c       data     extern C:\MCC18\src\traditional\proc\p18F2455.asm
                    UEP12   0x000f7c       data     extern C:\MCC18\src\traditional\proc\p18F2455.asm
                    UEP13   0x000f7d       data     extern C:\MCC18\src\traditional\proc\p18F2455.asm
                UEP13bits   0x000f7d       data     extern C:\MCC18\src\traditional\proc\p18F2455.asm
                    UEP14   0x000f7e       data     extern C:\MCC18\src\traditional\proc\p18F2455.asm
                UEP14bits   0x000f7e       data     extern C:\MCC18\src\traditional\proc\p18F2455.asm
                UEP15bits   0x000f7f       data     extern C:\MCC18\src\traditional\proc\p18F2455.asm
                    UEP15   0x000f7f       data     extern C:\MCC18\src\traditional\proc\p18F2455.asm
                    PORTA   0x000f80       data     extern C:\MCC18\src\traditional\proc\p18F2455.asm
                PORTAbits   0x000f80       data     extern C:\MCC18\src\traditional\proc\p18F2455.asm
                    PORTB   0x000f81       data     extern C:\MCC18\src\traditional\proc\p18F2455.asm
                PORTBbits   0x000f81       data     extern C:\MCC18\src\traditional\proc\p18F2455.asm
                    PORTC   0x000f82       data     extern C:\MCC18\src\traditional\proc\p18F2455.asm
                PORTCbits   0x000f82       data     extern C:\MCC18\src\traditional\proc\p18F2455.asm
                    PORTE   0x000f84       data     extern C:\MCC18\src\traditional\proc\p18F2455.asm
                PORTEbits   0x000f84       data     extern C:\MCC18\src\traditional\proc\p18F2455.asm
                 LATAbits   0x000f89       data     extern C:\MCC18\src\traditional\proc\p18F2455.asm
                     LATA   0x000f89       data     extern C:\MCC18\src\traditional\proc\p18F2455.asm
                 LATBbits   0x000f8a       data     extern C:\MCC18\src\traditional\proc\p18F2455.asm
                     LATB   0x000f8a       data     extern C:\MCC18\src\traditional\proc\p18F2455.asm
                 LATCbits   0x000f8b       data     extern C:\MCC18\src\traditional\proc\p18F2455.asm
                     LATC   0x000f8b       data     extern C:\MCC18\src\traditional\proc\p18F2455.asm
                TRISAbits   0x000f92       data     extern C:\MCC18\src\traditional\proc\p18F2455.asm
                    TRISA   0x000f92       data     extern C:\MCC18\src\traditional\proc\p18F2455.asm
                     DDRA   0x000f92       data     extern C:\MCC18\src\traditional\proc\p18F2455.asm
                 DDRAbits   0x000f92       data     extern C:\MCC18\src\traditional\proc\p18F2455.asm
                TRISBbits   0x000f93       data     extern C:\MCC18\src\traditional\proc\p18F2455.asm
                    TRISB   0x000f93       data     extern C:\MCC18\src\traditional\proc\p18F2455.asm
                     DDRB   0x000f93       data     extern C:\MCC18\src\traditional\proc\p18F2455.asm
                 DDRBbits   0x000f93       data     extern C:\MCC18\src\traditional\proc\p18F2455.asm
                TRISCbits   0x000f94       data     extern C:\MCC18\src\traditional\proc\p18F2455.asm
                    TRISC   0x000f94       data     extern C:\MCC18\src\traditional\proc\p18F2455.asm
                 DDRCbits   0x000f94       data     extern C:\MCC18\src\traditional\proc\p18F2455.asm
                     DDRC   0x000f94       data     extern C:\MCC18\src\traditional\proc\p18F2455.asm
              OSCTUNEbits   0x000f9b       data     extern C:\MCC18\src\traditional\proc\p18F2455.asm
                  OSCTUNE   0x000f9b       data     extern C:\MCC18\src\traditional\proc\p18F2455.asm
                 PIE1bits   0x000f9d       data     extern C:\MCC18\src\traditional\proc\p18F2455.asm
                     PIE1   0x000f9d       data     extern C:\MCC18\src\traditional\proc\p18F2455.asm
                 PIR1bits   0x000f9e       data     extern C:\MCC18\src\traditional\proc\p18F2455.asm
                     PIR1   0x000f9e       data     extern C:\MCC18\src\traditional\proc\p18F2455.asm
                     IPR1   0x000f9f       data     extern C:\MCC18\src\traditional\proc\p18F2455.asm
                 IPR1bits   0x000f9f       data     extern C:\MCC18\src\traditional\proc\p18F2455.asm
                 PIE2bits   0x000fa0       data     extern C:\MCC18\src\traditional\proc\p18F2455.asm
                     PIE2   0x000fa0       data     extern C:\MCC18\src\traditional\proc\p18F2455.asm
                 PIR2bits   0x000fa1       data     extern C:\MCC18\src\traditional\proc\p18F2455.asm
                     PIR2   0x000fa1       data     extern C:\MCC18\src\traditional\proc\p18F2455.asm
                     IPR2   0x000fa2       data     extern C:\MCC18\src\traditional\proc\p18F2455.asm
                 IPR2bits   0x000fa2       data     extern C:\MCC18\src\traditional\proc\p18F2455.asm
                   EECON1   0x000fa6       data     extern C:\MCC18\src\traditional\proc\p18F2455.asm
               EECON1bits   0x000fa6       data     extern C:\MCC18\src\traditional\proc\p18F2455.asm
                   EECON2   0x000fa7       data     extern C:\MCC18\src\traditional\proc\p18F2455.asm
                   EEDATA   0x000fa8       data     extern C:\MCC18\src\traditional\proc\p18F2455.asm
                    EEADR   0x000fa9       data     extern C:\MCC18\src\traditional\proc\p18F2455.asm
                RCSTAbits   0x000fab       data     extern C:\MCC18\src\traditional\proc\p18F2455.asm
                    RCSTA   0x000fab       data     extern C:\MCC18\src\traditional\proc\p18F2455.asm
                    TXSTA   0x000fac       data     extern C:\MCC18\src\traditional\proc\p18F2455.asm
                TXSTAbits   0x000fac       data     extern C:\MCC18\src\traditional\proc\p18F2455.asm
                    TXREG   0x000fad       data     extern C:\MCC18\src\traditional\proc\p18F2455.asm
                    RCREG   0x000fae       data     extern C:\MCC18\src\traditional\proc\p18F2455.asm
                    SPBRG   0x000faf       data     extern C:\MCC18\src\traditional\proc\p18F2455.asm
                   SPBRGH   0x000fb0       data     extern C:\MCC18\src\traditional\proc\p18F2455.asm
                    T3CON   0x000fb1       data     extern C:\MCC18\src\traditional\proc\p18F2455.asm
                T3CONbits   0x000fb1       data     extern C:\MCC18\src\traditional\proc\p18F2455.asm
                    TMR3L   0x000fb2       data     extern C:\MCC18\src\traditional\proc\p18F2455.asm
                    TMR3H   0x000fb3       data     extern C:\MCC18\src\traditional\proc\p18F2455.asm
                CMCONbits   0x000fb4       data     extern C:\MCC18\src\traditional\proc\p18F2455.asm
                    CMCON   0x000fb4       data     extern C:\MCC18\src\traditional\proc\p18F2455.asm
               CVRCONbits   0x000fb5       data     extern C:\MCC18\src\traditional\proc\p18F2455.asm
                   CVRCON   0x000fb5       data     extern C:\MCC18\src\traditional\proc\p18F2455.asm
                   CCP1AS   0x000fb6       data     extern C:\MCC18\src\traditional\proc\p18F2455.asm
               CCP1ASbits   0x000fb6       data     extern C:\MCC18\src\traditional\proc\p18F2455.asm
              ECCP1ASbits   0x000fb6       data     extern C:\MCC18\src\traditional\proc\p18F2455.asm
                  ECCP1AS   0x000fb6       data     extern C:\MCC18\src\traditional\proc\p18F2455.asm
             ECCP1DELbits   0x000fb7       data     extern C:\MCC18\src\traditional\proc\p18F2455.asm
                 ECCP1DEL   0x000fb7       data     extern C:\MCC18\src\traditional\proc\p18F2455.asm
              CCP1DELbits   0x000fb7       data     extern C:\MCC18\src\traditional\proc\p18F2455.asm
                  CCP1DEL   0x000fb7       data     extern C:\MCC18\src\traditional\proc\p18F2455.asm
                  BAUDCON   0x000fb8       data     extern C:\MCC18\src\traditional\proc\p18F2455.asm
              BAUDCONbits   0x000fb8       data     extern C:\MCC18\src\traditional\proc\p18F2455.asm
              CCP2CONbits   0x000fba       data     extern C:\MCC18\src\traditional\proc\p18F2455.asm
                  CCP2CON   0x000fba       data     extern C:\MCC18\src\traditional\proc\p18F2455.asm
                   CCPR2L   0x000fbb       data     extern C:\MCC18\src\traditional\proc\p18F2455.asm
                    CCPR2   0x000fbb       data     extern C:\MCC18\src\traditional\proc\p18F2455.asm
                   CCPR2H   0x000fbc       data     extern C:\MCC18\src\traditional\proc\p18F2455.asm
                  CCP1CON   0x000fbd       data     extern C:\MCC18\src\traditional\proc\p18F2455.asm
              CCP1CONbits   0x000fbd       data     extern C:\MCC18\src\traditional\proc\p18F2455.asm
                    CCPR1   0x000fbe       data     extern C:\MCC18\src\traditional\proc\p18F2455.asm
                   CCPR1L   0x000fbe       data     extern C:\MCC18\src\traditional\proc\p18F2455.asm
                   CCPR1H   0x000fbf       data     extern C:\MCC18\src\traditional\proc\p18F2455.asm
               ADCON2bits   0x000fc0       data     extern C:\MCC18\src\traditional\proc\p18F2455.asm
                   ADCON2   0x000fc0       data     extern C:\MCC18\src\traditional\proc\p18F2455.asm
               ADCON1bits   0x000fc1       data     extern C:\MCC18\src\traditional\proc\p18F2455.asm
                   ADCON1   0x000fc1       data     extern C:\MCC18\src\traditional\proc\p18F2455.asm
                   ADCON0   0x000fc2       data     extern C:\MCC18\src\traditional\proc\p18F2455.asm
               ADCON0bits   0x000fc2       data     extern C:\MCC18\src\traditional\proc\p18F2455.asm
                    ADRES   0x000fc3       data     extern C:\MCC18\src\traditional\proc\p18F2455.asm
                   ADRESL   0x000fc3       data     extern C:\MCC18\src\traditional\proc\p18F2455.asm
                   ADRESH   0x000fc4       data     extern C:\MCC18\src\traditional\proc\p18F2455.asm
                  SSPCON2   0x000fc5       data     extern C:\MCC18\src\traditional\proc\p18F2455.asm
              SSPCON2bits   0x000fc5       data     extern C:\MCC18\src\traditional\proc\p18F2455.asm
                  SSPCON1   0x000fc6       data     extern C:\MCC18\src\traditional\proc\p18F2455.asm
              SSPCON1bits   0x000fc6       data     extern C:\MCC18\src\traditional\proc\p18F2455.asm
                  SSPSTAT   0x000fc7       data     extern C:\MCC18\src\traditional\proc\p18F2455.asm
              SSPSTATbits   0x000fc7       data     extern C:\MCC18\src\traditional\proc\p18F2455.asm
                   SSPADD   0x000fc8       data     extern C:\MCC18\src\traditional\proc\p18F2455.asm
                   SSPBUF   0x000fc9       data     extern C:\MCC18\src\traditional\proc\p18F2455.asm
                T2CONbits   0x000fca       data     extern C:\MCC18\src\traditional\proc\p18F2455.asm
                    T2CON   0x000fca       data     extern C:\MCC18\src\traditional\proc\p18F2455.asm
                      PR2   0x000fcb       data     extern C:\MCC18\src\traditional\proc\p18F2455.asm
                     TMR2   0x000fcc       data     extern C:\MCC18\src\traditional\proc\p18F2455.asm
                T1CONbits   0x000fcd       data     extern C:\MCC18\src\traditional\proc\p18F2455.asm
                    T1CON   0x000fcd       data     extern C:\MCC18\src\traditional\proc\p18F2455.asm
                    TMR1L   0x000fce       data     extern C:\MCC18\src\traditional\proc\p18F2455.asm
                    TMR1H   0x000fcf       data     extern C:\MCC18\src\traditional\proc\p18F2455.asm
                     RCON   0x000fd0       data     extern C:\MCC18\src\traditional\proc\p18F2455.asm
                 RCONbits   0x000fd0       data     extern C:\MCC18\src\traditional\proc\p18F2455.asm
               WDTCONbits   0x000fd1       data     extern C:\MCC18\src\traditional\proc\p18F2455.asm
                   WDTCON   0x000fd1       data     extern C:\MCC18\src\traditional\proc\p18F2455.asm
                  HLVDCON   0x000fd2       data     extern C:\MCC18\src\traditional\proc\p18F2455.asm
              HLVDCONbits   0x000fd2       data     extern C:\MCC18\src\traditional\proc\p18F2455.asm
               LVDCONbits   0x000fd2       data     extern C:\MCC18\src\traditional\proc\p18F2455.asm
                   LVDCON   0x000fd2       data     extern C:\MCC18\src\traditional\proc\p18F2455.asm
               OSCCONbits   0x000fd3       data     extern C:\MCC18\src\traditional\proc\p18F2455.asm
                   OSCCON   0x000fd3       data     extern C:\MCC18\src\traditional\proc\p18F2455.asm
                    T0CON   0x000fd5       data     extern C:\MCC18\src\traditional\proc\p18F2455.asm
                T0CONbits   0x000fd5       data     extern C:\MCC18\src\traditional\proc\p18F2455.asm
                    TMR0L   0x000fd6       data     extern C:\MCC18\src\traditional\proc\p18F2455.asm
                    TMR0H   0x000fd7       data     extern C:\MCC18\src\traditional\proc\p18F2455.asm
                   STATUS   0x000fd8       data     extern C:\MCC18\src\traditional\proc\p18F2455.asm
               STATUSbits   0x000fd8       data     extern C:\MCC18\src\traditional\proc\p18F2455.asm
                     FSR2   0x000fd9       data     extern C:\MCC18\src\traditional\proc\p18F2455.asm
                    FSR2L   0x000fd9       data     extern C:\MCC18\src\traditional\proc\p18F2455.asm
                    FSR2H   0x000fda       data     extern C:\MCC18\src\traditional\proc\p18F2455.asm
                   PLUSW2   0x000fdb       data     extern C:\MCC18\src\traditional\proc\p18F2455.asm
                  PREINC2   0x000fdc       data     extern C:\MCC18\src\traditional\proc\p18F2455.asm
                 POSTDEC2   0x000fdd       data     extern C:\MCC18\src\traditional\proc\p18F2455.asm
                 POSTINC2   0x000fde       data     extern C:\MCC18\src\traditional\proc\p18F2455.asm
                    INDF2   0x000fdf       data     extern C:\MCC18\src\traditional\proc\p18F2455.asm
                      BSR   0x000fe0       data     extern C:\MCC18\src\traditional\proc\p18F2455.asm
                     FSR1   0x000fe1       data     extern C:\MCC18\src\traditional\proc\p18F2455.asm
                    FSR1L   0x000fe1       data     extern C:\MCC18\src\traditional\proc\p18F2455.asm
                    FSR1H   0x000fe2       data     extern C:\MCC18\src\traditional\proc\p18F2455.asm
                   PLUSW1   0x000fe3       data     extern C:\MCC18\src\traditional\proc\p18F2455.asm
                  PREINC1   0x000fe4       data     extern C:\MCC18\src\traditional\proc\p18F2455.asm
                 POSTDEC1   0x000fe5       data     extern C:\MCC18\src\traditional\proc\p18F2455.asm
                 POSTINC1   0x000fe6       data     extern C:\MCC18\src\traditional\proc\p18F2455.asm
                    INDF1   0x000fe7       data     extern C:\MCC18\src\traditional\proc\p18F2455.asm
                     WREG   0x000fe8       data     extern C:\MCC18\src\traditional\proc\p18F2455.asm
                     FSR0   0x000fe9       data     extern C:\MCC18\src\traditional\proc\p18F2455.asm
                    FSR0L   0x000fe9       data     extern C:\MCC18\src\traditional\proc\p18F2455.asm
                    FSR0H   0x000fea       data     extern C:\MCC18\src\traditional\proc\p18F2455.asm
                   PLUSW0   0x000feb       data     extern C:\MCC18\src\traditional\proc\p18F2455.asm
                  PREINC0   0x000fec       data     extern C:\MCC18\src\traditional\proc\p18F2455.asm
                 POSTDEC0   0x000fed       data     extern C:\MCC18\src\traditional\proc\p18F2455.asm
                 POSTINC0   0x000fee       data     extern C:\MCC18\src\traditional\proc\p18F2455.asm
                    INDF0   0x000fef       data     extern C:\MCC18\src\traditional\proc\p18F2455.asm
              INTCON3bits   0x000ff0       data     extern C:\MCC18\src\traditional\proc\p18F2455.asm
                  INTCON3   0x000ff0       data     extern C:\MCC18\src\traditional\proc\p18F2455.asm
              INTCON2bits   0x000ff1       data     extern C:\MCC18\src\traditional\proc\p18F2455.asm
                  INTCON2   0x000ff1       data     extern C:\MCC18\src\traditional\proc\p18F2455.asm
               INTCONbits   0x000ff2       data     extern C:\MCC18\src\traditional\proc\p18F2455.asm
                   INTCON   0x000ff2       data     extern C:\MCC18\src\traditional\proc\p18F2455.asm
                    PRODL   0x000ff3       data     extern C:\MCC18\src\traditional\proc\p18F2455.asm
                     PROD   0x000ff3       data     extern C:\MCC18\src\traditional\proc\p18F2455.asm
                    PRODH   0x000ff4       data     extern C:\MCC18\src\traditional\proc\p18F2455.asm
                   TABLAT   0x000ff5       data     extern C:\MCC18\src\traditional\proc\p18F2455.asm
                   TBLPTR   0x000ff6       data     extern C:\MCC18\src\traditional\proc\p18F2455.asm
                  TBLPTRL   0x000ff6       data     extern C:\MCC18\src\traditional\proc\p18F2455.asm
                  TBLPTRH   0x000ff7       data     extern C:\MCC18\src\traditional\proc\p18F2455.asm
                  TBLPTRU   0x000ff8       data     extern C:\MCC18\src\traditional\proc\p18F2455.asm
                      PCL   0x000ff9       data     extern C:\MCC18\src\traditional\proc\p18F2455.asm
                       PC   0x000ff9       data     extern C:\MCC18\src\traditional\proc\p18F2455.asm
                   PCLATH   0x000ffa       data     extern C:\MCC18\src\traditional\proc\p18F2455.asm
                   PCLATU   0x000ffb       data     extern C:\MCC18\src\traditional\proc\p18F2455.asm
                   STKPTR   0x000ffc       data     extern C:\MCC18\src\traditional\proc\p18F2455.asm
               STKPTRbits   0x000ffc       data     extern C:\MCC18\src\traditional\proc\p18F2455.asm
                      TOS   0x000ffd       data     extern C:\MCC18\src\traditional\proc\p18F2455.asm
                     TOSL   0x000ffd       data     extern C:\MCC18\src\traditional\proc\p18F2455.asm
                     TOSH   0x000ffe       data     extern C:\MCC18\src\traditional\proc\p18F2455.asm
                     TOSU   0x000fff       data     extern C:\MCC18\src\traditional\proc\p18F2455.asm


